studio: session log -> session_20260911_073800.jsonl
floor: building pipeline (modules ok)
floor: pipeline created
Compute pipeline created
THE ENGINE STUDIO: overlay ready (F1)
Vulkan engine initialized: 2560 x 1440, 2 frames in flight
Chimera Engine running at http://localhost:8104/state
  /frame  -> PNG of the current render (membrane if one is loaded)
  /membrane (POST) -> load a story membrane scene
Window: 2560x1440, Press Ctrl+C to stop.
Controls: Left-drag orbit | Scroll zoom | Right-drag pan
          WASD move | Q/E up-down | Space/Ctrl zoom | R reset | P pose toggle
          F1 THE ENGINE STUDIO overlay (pipeline board + live status)
FPS: 54 (frame 55) | ft ms avg 9.32 max 22.25 | >16.7ms: 1 >33ms: 0
FPS: 55 (frame 56) | ft ms avg 9.04 max 14.54 | >16.7ms: 0 >33ms: 0
FPS: 55 (frame 56) | ft ms avg 9.02 max 15.24 | >16.7ms: 0 >33ms: 0
FPS: 45 (frame 57) | ft ms avg 13.45 max 266.40 | >16.7ms: 1 >33ms: 1
membrane_demo: init nv=4 nf=4 centre=0 lift=0.000 E0=0.173205078
shutdown: admission_closed
shutdown: boot_joined
shutdown: http_stopped
Shutting down...
Vulkan engine shut down
shutdown: engine_shutdown
